ARM Linker, 5.03 [Build 76] [MDK-ARM Lite]

==============================================================================

Section Cross References

    startup.o(STACK) refers (Special) to heapauxi.o(.text) for __use_two_region_memory
    startup.o(HEAP) refers (Special) to heapauxi.o(.text) for __use_two_region_memory
    startup.o(RESET) refers (Special) to heapauxi.o(.text) for __use_two_region_memory
    startup.o(RESET) refers to startup.o(STACK) for StackMem
    startup.o(RESET) refers to adctestmain.o(i.SysTick_Handler) for SysTick_Handler
    startup.o(RESET) refers to __main.o(!!!main) for __main
    startup.o(.text) refers (Special) to heapauxi.o(.text) for __use_two_region_memory
    startup.o(.text) refers to startup.o(HEAP) for HeapMem
    startup.o(.text) refers to startup.o(STACK) for StackMem
    adctestmain.o(i.SysTick_Handler) refers to adctestmain.o(.data) for auksta_itampa
    adctestmain.o(i.SysTick_Init) refers to startup.o(.text) for EnableInterrupts
    adctestmain.o(i.UART_ConvertUDec1) refers to adctestmain.o(.bss) for String1
    adctestmain.o(i.all_out) refers to nokia5110.o(i.Nokia5110_SetCursor) for Nokia5110_SetCursor
    adctestmain.o(i.all_out) refers to nokia5110.o(i.Nokia5110_OutString) for Nokia5110_OutString
    adctestmain.o(i.all_out) refers to uart.o(i.UART_OutString) for UART_OutString
    adctestmain.o(i.all_out) refers to adctestmain.o(.data) for spalva
    adctestmain.o(i.all_out) refers to adctestmain.o(.bss) for String1
    adctestmain.o(i.green_out) refers to nokia5110.o(i.Nokia5110_SetCursor) for Nokia5110_SetCursor
    adctestmain.o(i.green_out) refers to nokia5110.o(i.Nokia5110_OutString) for Nokia5110_OutString
    adctestmain.o(i.green_out) refers to uart.o(i.UART_OutString) for UART_OutString
    adctestmain.o(i.green_out) refers to adctestmain.o(.data) for spalva
    adctestmain.o(i.green_out) refers to adctestmain.o(.bss) for String1
    adctestmain.o(i.main) refers to pll.o(i.PLL_Init) for PLL_Init
    adctestmain.o(i.main) refers to adctestmain.o(i.PortB_Init) for PortB_Init
    adctestmain.o(i.main) refers to nokia5110.o(i.Nokia5110_Init) for Nokia5110_Init
    adctestmain.o(i.main) refers to uart.o(i.UART_Init) for UART_Init
    adctestmain.o(i.main) refers to nokia5110.o(i.Nokia5110_Clear) for Nokia5110_Clear
    adctestmain.o(i.main) refers to nokia5110.o(i.Nokia5110_SetCursor) for Nokia5110_SetCursor
    adctestmain.o(i.main) refers to nokia5110.o(i.Nokia5110_OutString) for Nokia5110_OutString
    adctestmain.o(i.main) refers to adcswtrigger.o(i.ADC0_InitSWTriggerSeq3_Ch1) for ADC0_InitSWTriggerSeq3_Ch1
    adctestmain.o(i.main) refers to adctestmain.o(i.SysTick_Init) for SysTick_Init
    adctestmain.o(i.main) refers to startup.o(.text) for EnableInterrupts
    adctestmain.o(i.main) refers to uart.o(i.UART_OutString) for UART_OutString
    adctestmain.o(i.main) refers to adcswtrigger.o(i.ADC_In21) for ADC_In21
    adctestmain.o(i.main) refers to dflt_clz.o(x$fpl$dfltu) for __aeabi_ui2d
    adctestmain.o(i.main) refers to dmul.o(x$fpl$dmul) for __aeabi_dmul
    adctestmain.o(i.main) refers to ddiv.o(x$fpl$ddiv) for __aeabi_ddiv
    adctestmain.o(i.main) refers to daddsub_clz.o(x$fpl$drsb) for __aeabi_drsub
    adctestmain.o(i.main) refers to d2f.o(x$fpl$d2f) for __aeabi_d2f
    adctestmain.o(i.main) refers to fmul.o(x$fpl$fmul) for __aeabi_fmul
    adctestmain.o(i.main) refers to faddsub_clz.o(x$fpl$fadd) for __aeabi_fadd
    adctestmain.o(i.main) refers to fflt_clz.o(x$fpl$ffltu) for __aeabi_ui2f
    adctestmain.o(i.main) refers to fdiv.o(x$fpl$fdiv) for __aeabi_fdiv
    adctestmain.o(i.main) refers to ffixu.o(x$fpl$ffixu) for __aeabi_f2uiz
    adctestmain.o(i.main) refers to adctestmain.o(i.UART_ConvertUDec1) for UART_ConvertUDec1
    adctestmain.o(i.main) refers to adctestmain.o(i.Delay) for Delay
    adctestmain.o(i.main) refers to adctestmain.o(i.delay_long) for delay_long
    adctestmain.o(i.main) refers to adctestmain.o(.bss) for String1
    adctestmain.o(i.main) refers to adctestmain.o(.data) for Counts
    adctestmain.o(i.main) refers to adctestmain.o(.constdata) for FSM
    adctestmain.o(i.red_out) refers to nokia5110.o(i.Nokia5110_SetCursor) for Nokia5110_SetCursor
    adctestmain.o(i.red_out) refers to nokia5110.o(i.Nokia5110_OutString) for Nokia5110_OutString
    adctestmain.o(i.red_out) refers to uart.o(i.UART_OutString) for UART_OutString
    adctestmain.o(i.red_out) refers to adctestmain.o(.data) for spalva
    adctestmain.o(i.red_out) refers to adctestmain.o(.bss) for String1
    adctestmain.o(i.yellow_out) refers to nokia5110.o(i.Nokia5110_SetCursor) for Nokia5110_SetCursor
    adctestmain.o(i.yellow_out) refers to nokia5110.o(i.Nokia5110_OutString) for Nokia5110_OutString
    adctestmain.o(i.yellow_out) refers to uart.o(i.UART_OutString) for UART_OutString
    adctestmain.o(i.yellow_out) refers to adctestmain.o(.data) for spalva
    adctestmain.o(i.yellow_out) refers to adctestmain.o(.bss) for String1
    adctestmain.o(.constdata) refers to adctestmain.o(i.red_out) for red_out
    adctestmain.o(.constdata) refers to adctestmain.o(i.green_out) for green_out
    adctestmain.o(.constdata) refers to adctestmain.o(i.yellow_out) for yellow_out
    adctestmain.o(.constdata) refers to adctestmain.o(i.all_out) for all_out
    nokia5110.o(i.Nokia5110_Clear) refers to nokia5110.o(i.lcdwrite) for lcdwrite
    nokia5110.o(i.Nokia5110_Clear) refers to nokia5110.o(i.Nokia5110_SetCursor) for Nokia5110_SetCursor
    nokia5110.o(i.Nokia5110_DrawFullImage) refers to nokia5110.o(i.Nokia5110_SetCursor) for Nokia5110_SetCursor
    nokia5110.o(i.Nokia5110_DrawFullImage) refers to nokia5110.o(i.lcdwrite) for lcdwrite
    nokia5110.o(i.Nokia5110_Init) refers to nokia5110.o(i.lcdwrite) for lcdwrite
    nokia5110.o(i.Nokia5110_OutChar) refers to nokia5110.o(i.lcdwrite) for lcdwrite
    nokia5110.o(i.Nokia5110_OutChar) refers to nokia5110.o(.constdata) for ASCII
    nokia5110.o(i.Nokia5110_OutString) refers to nokia5110.o(i.Nokia5110_OutChar) for Nokia5110_OutChar
    nokia5110.o(i.Nokia5110_OutUDec) refers to nokia5110.o(i.Nokia5110_OutString) for Nokia5110_OutString
    nokia5110.o(i.Nokia5110_OutUDec) refers to nokia5110.o(i.Nokia5110_OutChar) for Nokia5110_OutChar
    nokia5110.o(i.Nokia5110_SetCursor) refers to nokia5110.o(i.lcdwrite) for lcdwrite
    uart.o(i.UART_ConvertDistance) refers to uart.o(.bss) for String
    uart.o(i.UART_ConvertUDec) refers to uart.o(.bss) for String
    uart.o(i.UART_InUDec) refers to uart.o(i.UART_InChar) for UART_InChar
    uart.o(i.UART_InUDec) refers to uart.o(i.UART_OutChar) for UART_OutChar
    uart.o(i.UART_OutDistance) refers to uart.o(i.UART_ConvertDistance) for UART_ConvertDistance
    uart.o(i.UART_OutDistance) refers to uart.o(i.UART_OutString) for UART_OutString
    uart.o(i.UART_OutDistance) refers to uart.o(.bss) for String
    uart.o(i.UART_OutString) refers to uart.o(i.UART_OutChar) for UART_OutChar
    uart.o(i.UART_OutUDec) refers to uart.o(i.UART_ConvertUDec) for UART_ConvertUDec
    uart.o(i.UART_OutUDec) refers to uart.o(i.UART_OutString) for UART_OutString
    uart.o(i.UART_OutUDec) refers to uart.o(.bss) for String
    __main.o(!!!main) refers to rtentry.o(.ARM.Collect$$rtentry$$00000000) for __rt_entry
    d2f.o(x$fpl$d2f) refers (Special) to usenofp.o(x$fpl$usenofp) for __I$use$fp
    d2f.o(x$fpl$d2f) refers to fretinf.o(x$fpl$fretinf) for __fpl_fretinf
    d2f.o(x$fpl$d2f) refers to dnaninf.o(x$fpl$dnaninf) for __fpl_dnaninf
    daddsub_clz.o(x$fpl$dadd) refers (Special) to usenofp.o(x$fpl$usenofp) for __I$use$fp
    daddsub_clz.o(x$fpl$dadd) refers to daddsub_clz.o(x$fpl$dsub) for _dsub1
    daddsub_clz.o(x$fpl$dadd) refers to dretinf.o(x$fpl$dretinf) for __fpl_dretinf
    daddsub_clz.o(x$fpl$dadd) refers to dnaninf.o(x$fpl$dnaninf) for __fpl_dnaninf
    daddsub_clz.o(x$fpl$drsb) refers (Special) to usenofp.o(x$fpl$usenofp) for __I$use$fp
    daddsub_clz.o(x$fpl$drsb) refers to daddsub_clz.o(x$fpl$dadd) for _dadd1
    daddsub_clz.o(x$fpl$drsb) refers to daddsub_clz.o(x$fpl$dsub) for _dsub1
    daddsub_clz.o(x$fpl$dsub) refers (Special) to usenofp.o(x$fpl$usenofp) for __I$use$fp
    daddsub_clz.o(x$fpl$dsub) refers to daddsub_clz.o(x$fpl$dadd) for _dadd1
    daddsub_clz.o(x$fpl$dsub) refers to dnaninf.o(x$fpl$dnaninf) for __fpl_dnaninf
    ddiv.o(x$fpl$drdiv) refers (Special) to usenofp.o(x$fpl$usenofp) for __I$use$fp
    ddiv.o(x$fpl$drdiv) refers to ddiv.o(x$fpl$ddiv) for ddiv_entry
    ddiv.o(x$fpl$ddiv) refers (Special) to usenofp.o(x$fpl$usenofp) for __I$use$fp
    ddiv.o(x$fpl$ddiv) refers to dretinf.o(x$fpl$dretinf) for __fpl_dretinf
    ddiv.o(x$fpl$ddiv) refers to dnaninf.o(x$fpl$dnaninf) for __fpl_dnaninf
    dflt_clz.o(x$fpl$dfltu) refers (Special) to usenofp.o(x$fpl$usenofp) for __I$use$fp
    dflt_clz.o(x$fpl$dflt) refers (Special) to usenofp.o(x$fpl$usenofp) for __I$use$fp
    dflt_clz.o(x$fpl$dfltn) refers (Special) to usenofp.o(x$fpl$usenofp) for __I$use$fp
    dmul.o(x$fpl$dmul) refers (Special) to usenofp.o(x$fpl$usenofp) for __I$use$fp
    dmul.o(x$fpl$dmul) refers to dretinf.o(x$fpl$dretinf) for __fpl_dretinf
    dmul.o(x$fpl$dmul) refers to dnaninf.o(x$fpl$dnaninf) for __fpl_dnaninf
    faddsub_clz.o(x$fpl$fadd) refers (Special) to usenofp.o(x$fpl$usenofp) for __I$use$fp
    faddsub_clz.o(x$fpl$fadd) refers to faddsub_clz.o(x$fpl$fsub) for _fsub1
    faddsub_clz.o(x$fpl$fadd) refers to fretinf.o(x$fpl$fretinf) for __fpl_fretinf
    faddsub_clz.o(x$fpl$fadd) refers to fnaninf.o(x$fpl$fnaninf) for __fpl_fnaninf
    faddsub_clz.o(x$fpl$frsb) refers (Special) to usenofp.o(x$fpl$usenofp) for __I$use$fp
    faddsub_clz.o(x$fpl$frsb) refers to faddsub_clz.o(x$fpl$fadd) for _fadd1
    faddsub_clz.o(x$fpl$frsb) refers to faddsub_clz.o(x$fpl$fsub) for _fsub1
    faddsub_clz.o(x$fpl$fsub) refers (Special) to usenofp.o(x$fpl$usenofp) for __I$use$fp
    faddsub_clz.o(x$fpl$fsub) refers to faddsub_clz.o(x$fpl$fadd) for _fadd1
    faddsub_clz.o(x$fpl$fsub) refers to fnaninf.o(x$fpl$fnaninf) for __fpl_fnaninf
    fdiv.o(x$fpl$frdiv) refers (Special) to usenofp.o(x$fpl$usenofp) for __I$use$fp
    fdiv.o(x$fpl$frdiv) refers to fdiv.o(x$fpl$fdiv) for _fdiv1
    fdiv.o(x$fpl$fdiv) refers (Special) to usenofp.o(x$fpl$usenofp) for __I$use$fp
    fdiv.o(x$fpl$fdiv) refers to fretinf.o(x$fpl$fretinf) for __fpl_fretinf
    fdiv.o(x$fpl$fdiv) refers to fnaninf.o(x$fpl$fnaninf) for __fpl_fnaninf
    ffixu.o(x$fpl$ffixu) refers (Special) to usenofp.o(x$fpl$usenofp) for __I$use$fp
    ffixu.o(x$fpl$ffixu) refers to fnaninf.o(x$fpl$fnaninf) for __fpl_fnaninf
    ffixu.o(x$fpl$ffixur) refers (Special) to usenofp.o(x$fpl$usenofp) for __I$use$fp
    ffixu.o(x$fpl$ffixur) refers to fnaninf.o(x$fpl$fnaninf) for __fpl_fnaninf
    fflt_clz.o(x$fpl$ffltu) refers (Special) to usenofp.o(x$fpl$usenofp) for __I$use$fp
    fflt_clz.o(x$fpl$fflt) refers (Special) to usenofp.o(x$fpl$usenofp) for __I$use$fp
    fflt_clz.o(x$fpl$ffltn) refers (Special) to usenofp.o(x$fpl$usenofp) for __I$use$fp
    fmul.o(x$fpl$fmul) refers (Special) to usenofp.o(x$fpl$usenofp) for __I$use$fp
    fmul.o(x$fpl$fmul) refers to fretinf.o(x$fpl$fretinf) for __fpl_fretinf
    fmul.o(x$fpl$fmul) refers to fnaninf.o(x$fpl$fnaninf) for __fpl_fnaninf
    rtentry.o(.ARM.Collect$$rtentry$$00000000) refers (Special) to rtentry2.o(.ARM.Collect$$rtentry$$0000000A) for __rt_entry_li
    rtentry.o(.ARM.Collect$$rtentry$$00000000) refers (Special) to rtentry2.o(.ARM.Collect$$rtentry$$0000000D) for __rt_entry_main
    rtentry.o(.ARM.Collect$$rtentry$$00000000) refers (Special) to rtentry2.o(.ARM.Collect$$rtentry$$0000000C) for __rt_entry_postli_1
    rtentry.o(.ARM.Collect$$rtentry$$00000000) refers (Special) to rtentry2.o(.ARM.Collect$$rtentry$$00000009) for __rt_entry_postsh_1
    rtentry.o(.ARM.Collect$$rtentry$$00000000) refers (Special) to rtentry2.o(.ARM.Collect$$rtentry$$00000002) for __rt_entry_presh_1
    rtentry.o(.ARM.Collect$$rtentry$$00000000) refers (Special) to rtentry4.o(.ARM.Collect$$rtentry$$00000004) for __rt_entry_sh
    dnaninf.o(x$fpl$dnaninf) refers (Special) to usenofp.o(x$fpl$usenofp) for __I$use$fp
    dretinf.o(x$fpl$dretinf) refers (Special) to usenofp.o(x$fpl$usenofp) for __I$use$fp
    fnaninf.o(x$fpl$fnaninf) refers (Special) to usenofp.o(x$fpl$usenofp) for __I$use$fp
    fretinf.o(x$fpl$fretinf) refers (Special) to usenofp.o(x$fpl$usenofp) for __I$use$fp
    rtentry2.o(.ARM.Collect$$rtentry$$00000008) refers to boardinit2.o(.text) for _platform_post_stackheap_init
    rtentry2.o(.ARM.Collect$$rtentry$$0000000A) refers to libinit.o(.ARM.Collect$$libinit$$00000000) for __rt_lib_init
    rtentry2.o(.ARM.Collect$$rtentry$$0000000B) refers to boardinit3.o(.text) for _platform_post_lib_init
    rtentry2.o(.ARM.Collect$$rtentry$$0000000D) refers to adctestmain.o(i.main) for main
    rtentry2.o(.ARM.Collect$$rtentry$$0000000D) refers to exit.o(.text) for exit
    rtentry2.o(.ARM.exidx) refers to rtentry2.o(.ARM.Collect$$rtentry$$00000001) for .ARM.Collect$$rtentry$$00000001
    rtentry2.o(.ARM.exidx) refers to rtentry2.o(.ARM.Collect$$rtentry$$00000008) for .ARM.Collect$$rtentry$$00000008
    rtentry2.o(.ARM.exidx) refers to rtentry2.o(.ARM.Collect$$rtentry$$0000000A) for .ARM.Collect$$rtentry$$0000000A
    rtentry2.o(.ARM.exidx) refers to rtentry2.o(.ARM.Collect$$rtentry$$0000000B) for .ARM.Collect$$rtentry$$0000000B
    rtentry2.o(.ARM.exidx) refers to rtentry2.o(.ARM.Collect$$rtentry$$0000000D) for .ARM.Collect$$rtentry$$0000000D
    rtentry4.o(.ARM.Collect$$rtentry$$00000004) refers to sys_stackheap_outer.o(.text) for __user_setup_stackheap
    rtentry4.o(.ARM.exidx) refers to rtentry4.o(.ARM.Collect$$rtentry$$00000004) for .ARM.Collect$$rtentry$$00000004
    sys_stackheap_outer.o(.text) refers to libspace.o(.text) for __user_perproc_libspace
    sys_stackheap_outer.o(.text) refers to startup.o(.text) for __user_initial_stackheap
    exit.o(.text) refers to rtexit.o(.ARM.Collect$$rtexit$$00000000) for __rt_exit
    libinit.o(.ARM.Collect$$libinit$$00000000) refers (Special) to libinit2.o(.ARM.Collect$$libinit$$0000002C) for __rt_lib_init_alloca_1
    libinit.o(.ARM.Collect$$libinit$$00000000) refers (Special) to libinit2.o(.ARM.Collect$$libinit$$0000002A) for __rt_lib_init_argv_1
    libinit.o(.ARM.Collect$$libinit$$00000000) refers (Special) to libinit2.o(.ARM.Collect$$libinit$$00000019) for __rt_lib_init_atexit_1
    libinit.o(.ARM.Collect$$libinit$$00000000) refers (Special) to libinit2.o(.ARM.Collect$$libinit$$0000001F) for __rt_lib_init_clock_1
    libinit.o(.ARM.Collect$$libinit$$00000000) refers (Special) to libinit2.o(.ARM.Collect$$libinit$$00000030) for __rt_lib_init_cpp_1
    libinit.o(.ARM.Collect$$libinit$$00000000) refers (Special) to libinit2.o(.ARM.Collect$$libinit$$0000002E) for __rt_lib_init_exceptions_1
    libinit.o(.ARM.Collect$$libinit$$00000000) refers (Special) to libinit2.o(.ARM.Collect$$libinit$$00000002) for __rt_lib_init_fp_1
    libinit.o(.ARM.Collect$$libinit$$00000000) refers (Special) to libinit2.o(.ARM.Collect$$libinit$$0000001D) for __rt_lib_init_fp_trap_1
    libinit.o(.ARM.Collect$$libinit$$00000000) refers (Special) to libinit2.o(.ARM.Collect$$libinit$$00000021) for __rt_lib_init_getenv_1
    libinit.o(.ARM.Collect$$libinit$$00000000) refers (Special) to libinit2.o(.ARM.Collect$$libinit$$00000008) for __rt_lib_init_heap_1
    libinit.o(.ARM.Collect$$libinit$$00000000) refers (Special) to libinit2.o(.ARM.Collect$$libinit$$0000000F) for __rt_lib_init_lc_collate_1
    libinit.o(.ARM.Collect$$libinit$$00000000) refers (Special) to libinit2.o(.ARM.Collect$$libinit$$00000011) for __rt_lib_init_lc_ctype_1
    libinit.o(.ARM.Collect$$libinit$$00000000) refers (Special) to libinit2.o(.ARM.Collect$$libinit$$00000013) for __rt_lib_init_lc_monetary_1
    libinit.o(.ARM.Collect$$libinit$$00000000) refers (Special) to libinit2.o(.ARM.Collect$$libinit$$00000015) for __rt_lib_init_lc_numeric_1
    libinit.o(.ARM.Collect$$libinit$$00000000) refers (Special) to libinit2.o(.ARM.Collect$$libinit$$00000017) for __rt_lib_init_lc_time_1
    libinit.o(.ARM.Collect$$libinit$$00000000) refers (Special) to libinit2.o(.ARM.Collect$$libinit$$0000000C) for __rt_lib_init_rand_1
    libinit.o(.ARM.Collect$$libinit$$00000000) refers (Special) to libinit2.o(.ARM.Collect$$libinit$$00000031) for __rt_lib_init_return
    libinit.o(.ARM.Collect$$libinit$$00000000) refers (Special) to libinit2.o(.ARM.Collect$$libinit$$0000001B) for __rt_lib_init_signal_1
    libinit.o(.ARM.Collect$$libinit$$00000000) refers (Special) to libinit2.o(.ARM.Collect$$libinit$$00000023) for __rt_lib_init_stdio_1
    libinit.o(.ARM.Collect$$libinit$$00000000) refers (Special) to libinit2.o(.ARM.Collect$$libinit$$0000000A) for __rt_lib_init_user_alloc_1
    libspace.o(.text) refers to libspace.o(.bss) for __libspace_start
    rtexit.o(.ARM.Collect$$rtexit$$00000000) refers (Special) to rtexit2.o(.ARM.Collect$$rtexit$$00000004) for __rt_exit_exit
    rtexit.o(.ARM.Collect$$rtexit$$00000000) refers (Special) to rtexit2.o(.ARM.Collect$$rtexit$$00000003) for __rt_exit_ls
    rtexit.o(.ARM.Collect$$rtexit$$00000000) refers (Special) to rtexit2.o(.ARM.Collect$$rtexit$$00000002) for __rt_exit_prels_1
    rtexit.o(.ARM.exidx) refers (Special) to rtexit2.o(.ARM.Collect$$rtexit$$00000004) for __rt_exit_exit
    rtexit.o(.ARM.exidx) refers (Special) to rtexit2.o(.ARM.Collect$$rtexit$$00000003) for __rt_exit_ls
    rtexit.o(.ARM.exidx) refers (Special) to rtexit2.o(.ARM.Collect$$rtexit$$00000002) for __rt_exit_prels_1
    rtexit.o(.ARM.exidx) refers to rtexit.o(.ARM.Collect$$rtexit$$00000000) for .ARM.Collect$$rtexit$$00000000
    libinit2.o(.ARM.Collect$$libinit$$0000000E) refers to libinit2.o(.ARM.Collect$$libinit$$0000000D) for .ARM.Collect$$libinit$$0000000D
    libinit2.o(.ARM.Collect$$libinit$$00000010) refers to libinit2.o(.ARM.Collect$$libinit$$0000000D) for .ARM.Collect$$libinit$$0000000D
    libinit2.o(.ARM.Collect$$libinit$$00000012) refers to libinit2.o(.ARM.Collect$$libinit$$0000000D) for .ARM.Collect$$libinit$$0000000D
    libinit2.o(.ARM.Collect$$libinit$$00000014) refers to libinit2.o(.ARM.Collect$$libinit$$0000000D) for .ARM.Collect$$libinit$$0000000D
    libinit2.o(.ARM.Collect$$libinit$$00000016) refers to libinit2.o(.ARM.Collect$$libinit$$0000000D) for .ARM.Collect$$libinit$$0000000D
    libinit2.o(.ARM.Collect$$libinit$$00000024) refers to argv_veneer.o(.emb_text) for __ARM_argv_veneer
    libinit2.o(.ARM.Collect$$libinit$$00000025) refers to argv_veneer.o(.emb_text) for __ARM_argv_veneer
    rtexit2.o(.ARM.Collect$$rtexit$$00000003) refers to libshutdown.o(.ARM.Collect$$libshutdown$$00000000) for __rt_lib_shutdown
    rtexit2.o(.ARM.Collect$$rtexit$$00000004) refers to sys_exit.o(.text) for _sys_exit
    rtexit2.o(.ARM.exidx) refers to rtexit2.o(.ARM.Collect$$rtexit$$00000001) for .ARM.Collect$$rtexit$$00000001
    rtexit2.o(.ARM.exidx) refers to rtexit2.o(.ARM.Collect$$rtexit$$00000003) for .ARM.Collect$$rtexit$$00000003
    rtexit2.o(.ARM.exidx) refers to rtexit2.o(.ARM.Collect$$rtexit$$00000004) for .ARM.Collect$$rtexit$$00000004
    argv_veneer.o(.emb_text) refers to no_argv.o(.text) for __ARM_get_argv
    sys_exit.o(.text) refers (Special) to use_no_semi.o(.text) for __I$use$semihosting
    sys_exit.o(.text) refers (Special) to indicate_semi.o(.text) for __semihosting_library_function
    _get_argv_nomalloc.o(.text) refers (Special) to hrguard.o(.text) for __heap_region$guard
    _get_argv_nomalloc.o(.text) refers to defsig_rtmem_outer.o(.text) for __rt_SIGRTMEM
    _get_argv_nomalloc.o(.text) refers to sys_command.o(.text) for _sys_command_string
    libshutdown.o(.ARM.Collect$$libshutdown$$00000000) refers (Special) to libshutdown2.o(.ARM.Collect$$libshutdown$$00000006) for __rt_lib_shutdown_fp_trap_1
    libshutdown.o(.ARM.Collect$$libshutdown$$00000000) refers (Special) to libshutdown2.o(.ARM.Collect$$libshutdown$$0000000E) for __rt_lib_shutdown_heap_1
    libshutdown.o(.ARM.Collect$$libshutdown$$00000000) refers (Special) to libshutdown2.o(.ARM.Collect$$libshutdown$$0000000F) for __rt_lib_shutdown_return
    libshutdown.o(.ARM.Collect$$libshutdown$$00000000) refers (Special) to libshutdown2.o(.ARM.Collect$$libshutdown$$00000009) for __rt_lib_shutdown_signal_1
    libshutdown.o(.ARM.Collect$$libshutdown$$00000000) refers (Special) to libshutdown2.o(.ARM.Collect$$libshutdown$$00000003) for __rt_lib_shutdown_stdio_1
    libshutdown.o(.ARM.Collect$$libshutdown$$00000000) refers (Special) to libshutdown2.o(.ARM.Collect$$libshutdown$$0000000B) for __rt_lib_shutdown_user_alloc_1
    sys_command.o(.text) refers (Special) to use_no_semi.o(.text) for __I$use$semihosting
    sys_command.o(.text) refers (Special) to indicate_semi.o(.text) for __semihosting_library_function
    defsig_rtmem_outer.o(.text) refers to defsig_rtmem_inner.o(.text) for __rt_SIGRTMEM_inner
    defsig_rtmem_outer.o(.text) refers to defsig_exit.o(.text) for __sig_exit
    defsig_rtmem_formal.o(.text) refers to rt_raise.o(.text) for __rt_raise
    rt_raise.o(.text) refers to __raise.o(.text) for __raise
    rt_raise.o(.text) refers to sys_exit.o(.text) for _sys_exit
    defsig_exit.o(.text) refers to sys_exit.o(.text) for _sys_exit
    defsig_rtmem_inner.o(.text) refers to defsig_general.o(.text) for __default_signal_display
    __raise.o(.text) refers to defsig.o(CL$$defsig) for __default_signal_handler
    defsig_general.o(.text) refers to sys_wrch.o(.text) for _ttywrch
    sys_wrch.o(.text) refers (Special) to use_no_semi.o(.text) for __I$use$semihosting
    sys_wrch.o(.text) refers (Special) to indicate_semi.o(.text) for __semihosting_library_function
    defsig.o(CL$$defsig) refers to defsig_rtmem_inner.o(.text) for __rt_SIGRTMEM_inner
    defsig_abrt_inner.o(.text) refers to defsig_general.o(.text) for __default_signal_display
    defsig_fpe_inner.o(.text) refers to defsig_general.o(.text) for __default_signal_display
    defsig_rtred_inner.o(.text) refers to defsig_general.o(.text) for __default_signal_display
    defsig_stak_inner.o(.text) refers to defsig_general.o(.text) for __default_signal_display
    defsig_pvfn_inner.o(.text) refers to defsig_general.o(.text) for __default_signal_display
    defsig_cppl_inner.o(.text) refers to defsig_general.o(.text) for __default_signal_display
    defsig_segv_inner.o(.text) refers to defsig_general.o(.text) for __default_signal_display
    defsig_other.o(.text) refers to defsig_general.o(.text) for __default_signal_display


==============================================================================

Removing Unused input sections from the image.

    Removing adcswtrigger.o(i.ADC0_InSeq3), (44 bytes).
    Removing nokia5110.o(i.Nokia5110_DrawFullImage), (34 bytes).
    Removing nokia5110.o(i.Nokia5110_OutUDec), (412 bytes).
    Removing uart.o(i.UART_ConvertDistance), (200 bytes).
    Removing uart.o(i.UART_ConvertUDec), (204 bytes).
    Removing uart.o(i.UART_InChar), (24 bytes).
    Removing uart.o(i.UART_InCharNonBlocking), (28 bytes).
    Removing uart.o(i.UART_InUDec), (76 bytes).
    Removing uart.o(i.UART_OutDistance), (24 bytes).
    Removing uart.o(i.UART_OutUDec), (24 bytes).
    Removing uart.o(.bss), (10 bytes).

11 unused section(s) (total 1080 bytes) removed from the image.

==============================================================================

Image Symbol Table

    Local Symbols

    Symbol Name                              Value     Ov Type        Size  Object(Section)

    RESET                                    0x00000000   Section      644  startup.o(RESET)
    ../clib/angel/boardlib.s                 0x00000000   Number         0  boardinit2.o ABSOLUTE
    ../clib/angel/boardlib.s                 0x00000000   Number         0  boardshut.o ABSOLUTE
    ../clib/angel/boardlib.s                 0x00000000   Number         0  boardinit3.o ABSOLUTE
    ../clib/angel/boardlib.s                 0x00000000   Number         0  boardinit1.o ABSOLUTE
    ../clib/angel/handlers.s                 0x00000000   Number         0  __scatter_zi.o ABSOLUTE
    ../clib/angel/handlers.s                 0x00000000   Number         0  __scatter_copy.o ABSOLUTE
    ../clib/angel/kernel.s                   0x00000000   Number         0  rtentry2.o ABSOLUTE
    ../clib/angel/kernel.s                   0x00000000   Number         0  rtentry4.o ABSOLUTE
    ../clib/angel/kernel.s                   0x00000000   Number         0  rtentry.o ABSOLUTE
    ../clib/angel/kernel.s                   0x00000000   Number         0  rtexit2.o ABSOLUTE
    ../clib/angel/kernel.s                   0x00000000   Number         0  rtexit.o ABSOLUTE
    ../clib/angel/rt.s                       0x00000000   Number         0  rt_raise.o ABSOLUTE
    ../clib/angel/scatter.s                  0x00000000   Number         0  __scatter.o ABSOLUTE
    ../clib/angel/startup.s                  0x00000000   Number         0  __main.o ABSOLUTE
    ../clib/angel/sys.s                      0x00000000   Number         0  sys_stackheap_outer.o ABSOLUTE
    ../clib/angel/sys.s                      0x00000000   Number         0  libspace.o ABSOLUTE
    ../clib/angel/sys.s                      0x00000000   Number         0  indicate_semi.o ABSOLUTE
    ../clib/angel/sys.s                      0x00000000   Number         0  use_no_semi.o ABSOLUTE
    ../clib/angel/sysapp.c                   0x00000000   Number         0  sys_command.o ABSOLUTE
    ../clib/angel/sysapp.c                   0x00000000   Number         0  sys_wrch.o ABSOLUTE
    ../clib/angel/sysapp.c                   0x00000000   Number         0  sys_exit.o ABSOLUTE
    ../clib/armsys.c                         0x00000000   Number         0  no_argv.o ABSOLUTE
    ../clib/armsys.c                         0x00000000   Number         0  argv_veneer.o ABSOLUTE
    ../clib/armsys.c                         0x00000000   Number         0  argv_veneer.o ABSOLUTE
    ../clib/armsys.c                         0x00000000   Number         0  _get_argv_nomalloc.o ABSOLUTE
    ../clib/heapalloc.c                      0x00000000   Number         0  hrguard.o ABSOLUTE
    ../clib/heapaux.c                        0x00000000   Number         0  heapauxi.o ABSOLUTE
    ../clib/libinit.s                        0x00000000   Number         0  libshutdown2.o ABSOLUTE
    ../clib/libinit.s                        0x00000000   Number         0  libshutdown.o ABSOLUTE
    ../clib/libinit.s                        0x00000000   Number         0  libinit.o ABSOLUTE
    ../clib/libinit.s                        0x00000000   Number         0  libinit2.o ABSOLUTE
    ../clib/signal.c                         0x00000000   Number         0  defsig_rtmem_outer.o ABSOLUTE
    ../clib/signal.c                         0x00000000   Number         0  defsig_general.o ABSOLUTE
    ../clib/signal.c                         0x00000000   Number         0  __raise.o ABSOLUTE
    ../clib/signal.c                         0x00000000   Number         0  defsig_rtmem_inner.o ABSOLUTE
    ../clib/signal.c                         0x00000000   Number         0  defsig_exit.o ABSOLUTE
    ../clib/signal.c                         0x00000000   Number         0  defsig_segv_inner.o ABSOLUTE
    ../clib/signal.c                         0x00000000   Number         0  defsig_pvfn_inner.o ABSOLUTE
    ../clib/signal.c                         0x00000000   Number         0  defsig_cppl_inner.o ABSOLUTE
    ../clib/signal.c                         0x00000000   Number         0  defsig_stak_inner.o ABSOLUTE
    ../clib/signal.c                         0x00000000   Number         0  defsig_abrt_inner.o ABSOLUTE
    ../clib/signal.c                         0x00000000   Number         0  defsig_rtmem_formal.o ABSOLUTE
    ../clib/signal.c                         0x00000000   Number         0  defsig_fpe_inner.o ABSOLUTE
    ../clib/signal.c                         0x00000000   Number         0  defsig_other.o ABSOLUTE
    ../clib/signal.c                         0x00000000   Number         0  defsig_rtred_inner.o ABSOLUTE
    ../clib/signal.s                         0x00000000   Number         0  defsig.o ABSOLUTE
    ../clib/stdlib.c                         0x00000000   Number         0  exit.o ABSOLUTE
    ../fplib/d2f.s                           0x00000000   Number         0  d2f.o ABSOLUTE
    ../fplib/daddsub.s                       0x00000000   Number         0  daddsub_clz.o ABSOLUTE
    ../fplib/ddiv.s                          0x00000000   Number         0  ddiv.o ABSOLUTE
    ../fplib/dflt.s                          0x00000000   Number         0  dflt_clz.o ABSOLUTE
    ../fplib/dmul.s                          0x00000000   Number         0  dmul.o ABSOLUTE
    ../fplib/dnaninf.s                       0x00000000   Number         0  dnaninf.o ABSOLUTE
    ../fplib/dretinf.s                       0x00000000   Number         0  dretinf.o ABSOLUTE
    ../fplib/faddsub.s                       0x00000000   Number         0  faddsub_clz.o ABSOLUTE
    ../fplib/fdiv.s                          0x00000000   Number         0  fdiv.o ABSOLUTE
    ../fplib/ffixu.s                         0x00000000   Number         0  ffixu.o ABSOLUTE
    ../fplib/fflt.s                          0x00000000   Number         0  fflt_clz.o ABSOLUTE
    ../fplib/fmul.s                          0x00000000   Number         0  fmul.o ABSOLUTE
    ../fplib/fnaninf.s                       0x00000000   Number         0  fnaninf.o ABSOLUTE
    ../fplib/fpinit.s                        0x00000000   Number         0  fpinit.o ABSOLUTE
    ../fplib/fretinf.s                       0x00000000   Number         0  fretinf.o ABSOLUTE
    ../fplib/usenofp.s                       0x00000000   Number         0  usenofp.o ABSOLUTE
    ADCSWTrigger.c                           0x00000000   Number         0  adcswtrigger.o ABSOLUTE
    ADCTestMain.c                            0x00000000   Number         0  adctestmain.o ABSOLUTE
    Nokia5110.c                              0x00000000   Number         0  nokia5110.o ABSOLUTE
    PLL.c                                    0x00000000   Number         0  pll.o ABSOLUTE
    UART.c                                   0x00000000   Number         0  uart.o ABSOLUTE
    dc.s                                     0x00000000   Number         0  dc.o ABSOLUTE
    startup.s                                0x00000000   Number         0  startup.o ABSOLUTE
    !!!main                                  0x00000284   Section        8  __main.o(!!!main)
    !!!scatter                               0x0000028c   Section       52  __scatter.o(!!!scatter)
    !!handler_copy                           0x000002c0   Section       26  __scatter_copy.o(!!handler_copy)
    !!handler_zi                             0x000002dc   Section       28  __scatter_zi.o(!!handler_zi)
    .ARM.Collect$$libinit$$00000000          0x000002f8   Section        2  libinit.o(.ARM.Collect$$libinit$$00000000)
    .ARM.Collect$$libinit$$00000002          0x000002fa   Section        0  libinit2.o(.ARM.Collect$$libinit$$00000002)
    .ARM.Collect$$libinit$$00000008          0x000002fa   Section        0  libinit2.o(.ARM.Collect$$libinit$$00000008)
    .ARM.Collect$$libinit$$0000000A          0x000002fa   Section        0  libinit2.o(.ARM.Collect$$libinit$$0000000A)
    .ARM.Collect$$libinit$$0000000C          0x000002fa   Section        0  libinit2.o(.ARM.Collect$$libinit$$0000000C)
    .ARM.Collect$$libinit$$0000000F          0x000002fa   Section        0  libinit2.o(.ARM.Collect$$libinit$$0000000F)
    .ARM.Collect$$libinit$$00000011          0x000002fa   Section        0  libinit2.o(.ARM.Collect$$libinit$$00000011)
    .ARM.Collect$$libinit$$00000013          0x000002fa   Section        0  libinit2.o(.ARM.Collect$$libinit$$00000013)
    .ARM.Collect$$libinit$$00000015          0x000002fa   Section        0  libinit2.o(.ARM.Collect$$libinit$$00000015)
    .ARM.Collect$$libinit$$00000017          0x000002fa   Section        0  libinit2.o(.ARM.Collect$$libinit$$00000017)
    .ARM.Collect$$libinit$$00000019          0x000002fa   Section        0  libinit2.o(.ARM.Collect$$libinit$$00000019)
    .ARM.Collect$$libinit$$0000001B          0x000002fa   Section        0  libinit2.o(.ARM.Collect$$libinit$$0000001B)
    .ARM.Collect$$libinit$$0000001D          0x000002fa   Section        0  libinit2.o(.ARM.Collect$$libinit$$0000001D)
    .ARM.Collect$$libinit$$0000001F          0x000002fa   Section        0  libinit2.o(.ARM.Collect$$libinit$$0000001F)
    .ARM.Collect$$libinit$$00000021          0x000002fa   Section        0  libinit2.o(.ARM.Collect$$libinit$$00000021)
    .ARM.Collect$$libinit$$00000023          0x000002fa   Section        0  libinit2.o(.ARM.Collect$$libinit$$00000023)
    .ARM.Collect$$libinit$$0000002A          0x000002fa   Section        0  libinit2.o(.ARM.Collect$$libinit$$0000002A)
    .ARM.Collect$$libinit$$0000002C          0x000002fa   Section        0  libinit2.o(.ARM.Collect$$libinit$$0000002C)
    .ARM.Collect$$libinit$$0000002E          0x000002fa   Section        0  libinit2.o(.ARM.Collect$$libinit$$0000002E)
    .ARM.Collect$$libinit$$00000030          0x000002fa   Section        0  libinit2.o(.ARM.Collect$$libinit$$00000030)
    .ARM.Collect$$libinit$$00000031          0x000002fa   Section        2  libinit2.o(.ARM.Collect$$libinit$$00000031)
    .ARM.Collect$$libshutdown$$00000000      0x000002fc   Section        2  libshutdown.o(.ARM.Collect$$libshutdown$$00000000)
    .ARM.Collect$$libshutdown$$00000003      0x000002fe   Section        0  libshutdown2.o(.ARM.Collect$$libshutdown$$00000003)
    .ARM.Collect$$libshutdown$$00000006      0x000002fe   Section        0  libshutdown2.o(.ARM.Collect$$libshutdown$$00000006)
    .ARM.Collect$$libshutdown$$00000009      0x000002fe   Section        0  libshutdown2.o(.ARM.Collect$$libshutdown$$00000009)
    .ARM.Collect$$libshutdown$$0000000B      0x000002fe   Section        0  libshutdown2.o(.ARM.Collect$$libshutdown$$0000000B)
    .ARM.Collect$$libshutdown$$0000000E      0x000002fe   Section        0  libshutdown2.o(.ARM.Collect$$libshutdown$$0000000E)
    .ARM.Collect$$libshutdown$$0000000F      0x000002fe   Section        2  libshutdown2.o(.ARM.Collect$$libshutdown$$0000000F)
    .ARM.Collect$$rtentry$$00000000          0x00000300   Section        0  rtentry.o(.ARM.Collect$$rtentry$$00000000)
    .ARM.Collect$$rtentry$$00000002          0x00000300   Section        0  rtentry2.o(.ARM.Collect$$rtentry$$00000002)
    .ARM.Collect$$rtentry$$00000004          0x00000300   Section        6  rtentry4.o(.ARM.Collect$$rtentry$$00000004)
    .ARM.Collect$$rtentry$$00000009          0x00000306   Section        0  rtentry2.o(.ARM.Collect$$rtentry$$00000009)
    .ARM.Collect$$rtentry$$0000000A          0x00000306   Section        4  rtentry2.o(.ARM.Collect$$rtentry$$0000000A)
    .ARM.Collect$$rtentry$$0000000C          0x0000030a   Section        0  rtentry2.o(.ARM.Collect$$rtentry$$0000000C)
    .ARM.Collect$$rtentry$$0000000D          0x0000030a   Section        8  rtentry2.o(.ARM.Collect$$rtentry$$0000000D)
    .ARM.Collect$$rtexit$$00000000           0x00000312   Section        2  rtexit.o(.ARM.Collect$$rtexit$$00000000)
    .ARM.Collect$$rtexit$$00000002           0x00000314   Section        0  rtexit2.o(.ARM.Collect$$rtexit$$00000002)
    .ARM.Collect$$rtexit$$00000003           0x00000314   Section        4  rtexit2.o(.ARM.Collect$$rtexit$$00000003)
    .ARM.Collect$$rtexit$$00000004           0x00000318   Section        6  rtexit2.o(.ARM.Collect$$rtexit$$00000004)
    .text                                    0x00000320   Section       48  startup.o(.text)
    .text                                    0x00000350   Section        0  heapauxi.o(.text)
    .text                                    0x00000356   Section       74  sys_stackheap_outer.o(.text)
    .text                                    0x000003a0   Section        0  exit.o(.text)
    .text                                    0x000003ac   Section        8  libspace.o(.text)
    .text                                    0x000003b4   Section        0  sys_exit.o(.text)
    .text                                    0x000003c0   Section        2  use_no_semi.o(.text)
    .text                                    0x000003c2   Section        0  indicate_semi.o(.text)
    i.ADC0_InitSWTriggerSeq3_Ch1             0x000003c4   Section        0  adcswtrigger.o(i.ADC0_InitSWTriggerSeq3_Ch1)
    i.ADC_In21                               0x00000484   Section        0  adcswtrigger.o(i.ADC_In21)
    i.Delay                                  0x000004bc   Section        0  adctestmain.o(i.Delay)
    i.Nokia5110_Clear                        0x000004d8   Section        0  nokia5110.o(i.Nokia5110_Clear)
    i.Nokia5110_Init                         0x000004f8   Section        0  nokia5110.o(i.Nokia5110_Init)
    i.Nokia5110_OutChar                      0x00000664   Section        0  nokia5110.o(i.Nokia5110_OutChar)
    i.Nokia5110_OutString                    0x0000069c   Section        0  nokia5110.o(i.Nokia5110_OutString)
    i.Nokia5110_SetCursor                    0x000006b2   Section        0  nokia5110.o(i.Nokia5110_SetCursor)
    i.PLL_Init                               0x000006e0   Section        0  pll.o(i.PLL_Init)
    i.PortB_Init                             0x0000075c   Section        0  adctestmain.o(i.PortB_Init)
    i.SysTick_Handler                        0x000007b4   Section        0  adctestmain.o(i.SysTick_Handler)
    i.SysTick_Init                           0x00000868   Section        0  adctestmain.o(i.SysTick_Init)
    i.UART_ConvertUDec1                      0x000008a0   Section        0  adctestmain.o(i.UART_ConvertUDec1)
    i.UART_Init                              0x00000958   Section        0  uart.o(i.UART_Init)
    i.UART_OutChar                           0x000009f0   Section        0  uart.o(i.UART_OutChar)
    i.UART_OutString                         0x00000a08   Section        0  uart.o(i.UART_OutString)
    i.all_out                                0x00000a20   Section        0  adctestmain.o(i.all_out)
    i.delay_long                             0x00000a94   Section        0  adctestmain.o(i.delay_long)
    i.green_out                              0x00000aac   Section        0  adctestmain.o(i.green_out)
    i.lcdwrite                               0x00000b20   Section        0  nokia5110.o(i.lcdwrite)
    lcdwrite                                 0x00000b21   Thumb Code    66  nokia5110.o(i.lcdwrite)
    i.main                                   0x00000b6c   Section        0  adctestmain.o(i.main)
    i.red_out                                0x00000dd4   Section        0  adctestmain.o(i.red_out)
    i.yellow_out                             0x00000e48   Section        0  adctestmain.o(i.yellow_out)
    x$fpl$d2f                                0x00000ebc   Section       98  d2f.o(x$fpl$d2f)
    x$fpl$dadd                               0x00000f20   Section      336  daddsub_clz.o(x$fpl$dadd)
    _dadd1                                   0x00000f31   Thumb Code     0  daddsub_clz.o(x$fpl$dadd)
    x$fpl$ddiv                               0x00001070   Section      688  ddiv.o(x$fpl$ddiv)
    ddiv_entry                               0x00001077   Thumb Code     0  ddiv.o(x$fpl$ddiv)
    x$fpl$dfltu                              0x00001320   Section       38  dflt_clz.o(x$fpl$dfltu)
    x$fpl$dmul                               0x00001348   Section      340  dmul.o(x$fpl$dmul)
    x$fpl$dnaninf                            0x0000149c   Section      156  dnaninf.o(x$fpl$dnaninf)
    x$fpl$dretinf                            0x00001538   Section       12  dretinf.o(x$fpl$dretinf)
    x$fpl$drsb                               0x00001544   Section       22  daddsub_clz.o(x$fpl$drsb)
    x$fpl$dsub                               0x0000155c   Section      468  daddsub_clz.o(x$fpl$dsub)
    _dsub1                                   0x0000156d   Thumb Code     0  daddsub_clz.o(x$fpl$dsub)
    x$fpl$fadd                               0x00001730   Section      196  faddsub_clz.o(x$fpl$fadd)
    _fadd1                                   0x0000173f   Thumb Code     0  faddsub_clz.o(x$fpl$fadd)
    x$fpl$fdiv                               0x000017f4   Section      388  fdiv.o(x$fpl$fdiv)
    _fdiv1                                   0x000017f5   Thumb Code     0  fdiv.o(x$fpl$fdiv)
    x$fpl$ffixu                              0x00001978   Section       62  ffixu.o(x$fpl$ffixu)
    x$fpl$ffltu                              0x000019b8   Section       38  fflt_clz.o(x$fpl$ffltu)
    x$fpl$fmul                               0x000019e0   Section      258  fmul.o(x$fpl$fmul)
    x$fpl$fnaninf                            0x00001ae2   Section      140  fnaninf.o(x$fpl$fnaninf)
    x$fpl$fretinf                            0x00001b6e   Section       10  fretinf.o(x$fpl$fretinf)
    x$fpl$fsub                               0x00001b78   Section      234  faddsub_clz.o(x$fpl$fsub)
    _fsub1                                   0x00001b87   Thumb Code     0  faddsub_clz.o(x$fpl$fsub)
    x$fpl$usenofp                            0x00001c62   Section        0  usenofp.o(x$fpl$usenofp)
    .constdata                               0x00001c64   Section      660  adctestmain.o(.constdata)
    ASCII                                    0x00001c64   Data         480  adctestmain.o(.constdata)
    .constdata                               0x00001ef8   Section      480  nokia5110.o(.constdata)
    ASCII                                    0x00001ef8   Data         480  nokia5110.o(.constdata)
    .data                                    0x20000000   Section       40  adctestmain.o(.data)
    .bss                                     0x20000028   Section       10  adctestmain.o(.bss)
    .bss                                     0x20000034   Section       96  libspace.o(.bss)
    HEAP                                     0x20000098   Section        0  startup.o(HEAP)
    STACK                                    0x20000098   Section     1024  startup.o(STACK)
    HeapMem                                  0x20000098   Data           0  startup.o(HEAP)
    StackMem                                 0x20000098   Data           0  startup.o(STACK)

    Global Symbols

    Symbol Name                              Value     Ov Type        Size  Object(Section)

    BuildAttributes$$THM_ISAv4$E$P$D$K$B$S$7EM$PE$A:L22UL41UL21$X:L11$S22US41US21$IEEE1$IW$USESV6$~STKCKD$USESV7$~SHL$OSPACE$ROPI$EBA8$UX$STANDARDLIB$REQ8$PRES8$EABIv2 0x00000000   Number         0  anon$$obj.o ABSOLUTE
    __ARM_use_no_argv                        0x00000000   Number         0  adctestmain.o ABSOLUTE
    __Vectors                                0x00000000   Data           0  startup.o(RESET)
    __ARM_exceptions_init                     - Undefined Weak Reference
    __alloca_initialize                       - Undefined Weak Reference
    __cpp_initialize__aeabi_                  - Undefined Weak Reference
    __cxa_finalize                            - Undefined Weak Reference
    __rt_locale                               - Undefined Weak Reference
    __sigvec_lookup                           - Undefined Weak Reference
    _atexit_init                              - Undefined Weak Reference
    _call_atexit_fns                          - Undefined Weak Reference
    _clock_init                               - Undefined Weak Reference
    _fp_trap_init                             - Undefined Weak Reference
    _fp_trap_shutdown                         - Undefined Weak Reference
    _get_lc_collate                           - Undefined Weak Reference
    _get_lc_ctype                             - Undefined Weak Reference
    _get_lc_monetary                          - Undefined Weak Reference
    _get_lc_numeric                           - Undefined Weak Reference
    _get_lc_time                              - Undefined Weak Reference
    _getenv_init                              - Undefined Weak Reference
    _handle_redirection                       - Undefined Weak Reference
    _init_alloc                               - Undefined Weak Reference
    _init_user_alloc                          - Undefined Weak Reference
    _initio                                   - Undefined Weak Reference
    _rand_init                                - Undefined Weak Reference
    _signal_finish                            - Undefined Weak Reference
    _signal_init                              - Undefined Weak Reference
    _terminate_alloc                          - Undefined Weak Reference
    _terminate_user_alloc                     - Undefined Weak Reference
    _terminateio                              - Undefined Weak Reference
    Reset_Handler                            0x0000026d   Thumb Code     0  startup.o(RESET)
    NMI_Handler                              0x00000271   Thumb Code     2  startup.o(RESET)
    HardFault_Handler                        0x00000273   Thumb Code     2  startup.o(RESET)
    MemManage_Handler                        0x00000275   Thumb Code     2  startup.o(RESET)
    BusFault_Handler                         0x00000277   Thumb Code     2  startup.o(RESET)
    UsageFault_Handler                       0x00000279   Thumb Code     2  startup.o(RESET)
    SVC_Handler                              0x0000027b   Thumb Code     2  startup.o(RESET)
    DebugMon_Handler                         0x0000027d   Thumb Code     2  startup.o(RESET)
    PendSV_Handler                           0x0000027f   Thumb Code     2  startup.o(RESET)
    ADC0Seq0_Handler                         0x00000283   Thumb Code     0  startup.o(RESET)
    ADC0Seq1_Handler                         0x00000283   Thumb Code     0  startup.o(RESET)
    ADC0Seq2_Handler                         0x00000283   Thumb Code     0  startup.o(RESET)
    ADC0Seq3_Handler                         0x00000283   Thumb Code     0  startup.o(RESET)
    ADC1Seq0_Handler                         0x00000283   Thumb Code     0  startup.o(RESET)
    ADC1Seq1_Handler                         0x00000283   Thumb Code     0  startup.o(RESET)
    ADC1Seq2_Handler                         0x00000283   Thumb Code     0  startup.o(RESET)
    ADC1Seq3_Handler                         0x00000283   Thumb Code     0  startup.o(RESET)
    CAN0_Handler                             0x00000283   Thumb Code     0  startup.o(RESET)
    CAN1_Handler                             0x00000283   Thumb Code     0  startup.o(RESET)
    CAN2_Handler                             0x00000283   Thumb Code     0  startup.o(RESET)
    Comp0_Handler                            0x00000283   Thumb Code     0  startup.o(RESET)
    Comp1_Handler                            0x00000283   Thumb Code     0  startup.o(RESET)
    Comp2_Handler                            0x00000283   Thumb Code     0  startup.o(RESET)
    Ethernet_Handler                         0x00000283   Thumb Code     0  startup.o(RESET)
    ExtBus_Handler                           0x00000283   Thumb Code     0  startup.o(RESET)
    FPU_Handler                              0x00000283   Thumb Code     0  startup.o(RESET)
    Fan0_Handler                             0x00000283   Thumb Code     0  startup.o(RESET)
    FlashCtl_Handler                         0x00000283   Thumb Code     0  startup.o(RESET)
    GPIOPortA_Handler                        0x00000283   Thumb Code     0  startup.o(RESET)
    GPIOPortB_Handler                        0x00000283   Thumb Code     0  startup.o(RESET)
    GPIOPortC_Handler                        0x00000283   Thumb Code     0  startup.o(RESET)
    GPIOPortD_Handler                        0x00000283   Thumb Code     0  startup.o(RESET)
    GPIOPortE_Handler                        0x00000283   Thumb Code     0  startup.o(RESET)
    GPIOPortF_Handler                        0x00000283   Thumb Code     0  startup.o(RESET)
    GPIOPortG_Handler                        0x00000283   Thumb Code     0  startup.o(RESET)
    GPIOPortH_Handler                        0x00000283   Thumb Code     0  startup.o(RESET)
    GPIOPortJ_Handler                        0x00000283   Thumb Code     0  startup.o(RESET)
    GPIOPortK_Handler                        0x00000283   Thumb Code     0  startup.o(RESET)
    GPIOPortL_Handler                        0x00000283   Thumb Code     0  startup.o(RESET)
    GPIOPortM_Handler                        0x00000283   Thumb Code     0  startup.o(RESET)
    GPIOPortN_Handler                        0x00000283   Thumb Code     0  startup.o(RESET)
    GPIOPortP1_Handler                       0x00000283   Thumb Code     0  startup.o(RESET)
    GPIOPortP2_Handler                       0x00000283   Thumb Code     0  startup.o(RESET)
    GPIOPortP3_Handler                       0x00000283   Thumb Code     0  startup.o(RESET)
    GPIOPortP4_Handler                       0x00000283   Thumb Code     0  startup.o(RESET)
    GPIOPortP5_Handler                       0x00000283   Thumb Code     0  startup.o(RESET)
    GPIOPortP6_Handler                       0x00000283   Thumb Code     0  startup.o(RESET)
    GPIOPortP7_Handler                       0x00000283   Thumb Code     0  startup.o(RESET)
    GPIOPortP_Handler                        0x00000283   Thumb Code     0  startup.o(RESET)
    GPIOPortQ1_Handler                       0x00000283   Thumb Code     0  startup.o(RESET)
    GPIOPortQ2_Handler                       0x00000283   Thumb Code     0  startup.o(RESET)
    GPIOPortQ3_Handler                       0x00000283   Thumb Code     0  startup.o(RESET)
    GPIOPortQ4_Handler                       0x00000283   Thumb Code     0  startup.o(RESET)
    GPIOPortQ5_Handler                       0x00000283   Thumb Code     0  startup.o(RESET)
    GPIOPortQ6_Handler                       0x00000283   Thumb Code     0  startup.o(RESET)
    GPIOPortQ7_Handler                       0x00000283   Thumb Code     0  startup.o(RESET)
    GPIOPortQ_Handler                        0x00000283   Thumb Code     0  startup.o(RESET)
    GPIOPortR_Handler                        0x00000283   Thumb Code     0  startup.o(RESET)
    GPIOPortS_Handler                        0x00000283   Thumb Code     0  startup.o(RESET)
    Hibernate_Handler                        0x00000283   Thumb Code     0  startup.o(RESET)
    I2C0_Handler                             0x00000283   Thumb Code     0  startup.o(RESET)
    I2C1_Handler                             0x00000283   Thumb Code     0  startup.o(RESET)
    I2C2_Handler                             0x00000283   Thumb Code     0  startup.o(RESET)
    I2C3_Handler                             0x00000283   Thumb Code     0  startup.o(RESET)
    I2C4_Handler                             0x00000283   Thumb Code     0  startup.o(RESET)
    I2C5_Handler                             0x00000283   Thumb Code     0  startup.o(RESET)
    I2S0_Handler                             0x00000283   Thumb Code     0  startup.o(RESET)
    LPC0_Handler                             0x00000283   Thumb Code     0  startup.o(RESET)
    PECI0_Handler                            0x00000283   Thumb Code     0  startup.o(RESET)
    PWM0Fault_Handler                        0x00000283   Thumb Code     0  startup.o(RESET)
    PWM0Generator0_Handler                   0x00000283   Thumb Code     0  startup.o(RESET)
    PWM0Generator1_Handler                   0x00000283   Thumb Code     0  startup.o(RESET)
    PWM0Generator2_Handler                   0x00000283   Thumb Code     0  startup.o(RESET)
    PWM0Generator3_Handler                   0x00000283   Thumb Code     0  startup.o(RESET)
    PWM1Fault_Handler                        0x00000283   Thumb Code     0  startup.o(RESET)
    PWM1Generator0_Handler                   0x00000283   Thumb Code     0  startup.o(RESET)
    PWM1Generator1_Handler                   0x00000283   Thumb Code     0  startup.o(RESET)
    PWM1Generator2_Handler                   0x00000283   Thumb Code     0  startup.o(RESET)
    PWM1Generator3_Handler                   0x00000283   Thumb Code     0  startup.o(RESET)
    Quadrature0_Handler                      0x00000283   Thumb Code     0  startup.o(RESET)
    Quadrature1_Handler                      0x00000283   Thumb Code     0  startup.o(RESET)
    Quadrature2_Handler                      0x00000283   Thumb Code     0  startup.o(RESET)
    SSI0_Handler                             0x00000283   Thumb Code     0  startup.o(RESET)
    SSI1_Handler                             0x00000283   Thumb Code     0  startup.o(RESET)
    SSI2_Handler                             0x00000283   Thumb Code     0  startup.o(RESET)
    SSI3_Handler                             0x00000283   Thumb Code     0  startup.o(RESET)
    SysCtl_Handler                           0x00000283   Thumb Code     0  startup.o(RESET)
    Timer0A_Handler                          0x00000283   Thumb Code     0  startup.o(RESET)
    Timer0B_Handler                          0x00000283   Thumb Code     0  startup.o(RESET)
    Timer1A_Handler                          0x00000283   Thumb Code     0  startup.o(RESET)
    Timer1B_Handler                          0x00000283   Thumb Code     0  startup.o(RESET)
    Timer2A_Handler                          0x00000283   Thumb Code     0  startup.o(RESET)
    Timer2B_Handler                          0x00000283   Thumb Code     0  startup.o(RESET)
    Timer3A_Handler                          0x00000283   Thumb Code     0  startup.o(RESET)
    Timer3B_Handler                          0x00000283   Thumb Code     0  startup.o(RESET)
    Timer4A_Handler                          0x00000283   Thumb Code     0  startup.o(RESET)
    Timer4B_Handler                          0x00000283   Thumb Code     0  startup.o(RESET)
    Timer5A_Handler                          0x00000283   Thumb Code     0  startup.o(RESET)
    Timer5B_Handler                          0x00000283   Thumb Code     0  startup.o(RESET)
    UART0_Handler                            0x00000283   Thumb Code     0  startup.o(RESET)
    UART1_Handler                            0x00000283   Thumb Code     0  startup.o(RESET)
    UART2_Handler                            0x00000283   Thumb Code     0  startup.o(RESET)
    UART3_Handler                            0x00000283   Thumb Code     0  startup.o(RESET)
    UART4_Handler                            0x00000283   Thumb Code     0  startup.o(RESET)
    UART5_Handler                            0x00000283   Thumb Code     0  startup.o(RESET)
    UART6_Handler                            0x00000283   Thumb Code     0  startup.o(RESET)
    UART7_Handler                            0x00000283   Thumb Code     0  startup.o(RESET)
    USB0_Handler                             0x00000283   Thumb Code     0  startup.o(RESET)
    WDT_Handler                              0x00000283   Thumb Code     0  startup.o(RESET)
    WideTimer0A_Handler                      0x00000283   Thumb Code     0  startup.o(RESET)
    WideTimer0B_Handler                      0x00000283   Thumb Code     0  startup.o(RESET)
    WideTimer1A_Handler                      0x00000283   Thumb Code     0  startup.o(RESET)
    WideTimer1B_Handler                      0x00000283   Thumb Code     0  startup.o(RESET)
    WideTimer2A_Handler                      0x00000283   Thumb Code     0  startup.o(RESET)
    WideTimer2B_Handler                      0x00000283   Thumb Code     0  startup.o(RESET)
    WideTimer3A_Handler                      0x00000283   Thumb Code     0  startup.o(RESET)
    WideTimer3B_Handler                      0x00000283   Thumb Code     0  startup.o(RESET)
    WideTimer4A_Handler                      0x00000283   Thumb Code     0  startup.o(RESET)
    WideTimer4B_Handler                      0x00000283   Thumb Code     0  startup.o(RESET)
    WideTimer5A_Handler                      0x00000283   Thumb Code     0  startup.o(RESET)
    WideTimer5B_Handler                      0x00000283   Thumb Code     0  startup.o(RESET)
    uDMA_Error                               0x00000283   Thumb Code     0  startup.o(RESET)
    uDMA_Handler                             0x00000283   Thumb Code     0  startup.o(RESET)
    __main                                   0x00000285   Thumb Code     8  __main.o(!!!main)
    __scatterload                            0x0000028d   Thumb Code     0  __scatter.o(!!!scatter)
    __scatterload_rt2                        0x0000028d   Thumb Code    44  __scatter.o(!!!scatter)
    __scatterload_rt2_thumb_only             0x0000028d   Thumb Code     0  __scatter.o(!!!scatter)
    __scatterload_null                       0x0000029b   Thumb Code     0  __scatter.o(!!!scatter)
    __scatterload_copy                       0x000002c1   Thumb Code    26  __scatter_copy.o(!!handler_copy)
    __scatterload_zeroinit                   0x000002dd   Thumb Code    28  __scatter_zi.o(!!handler_zi)
    __rt_lib_init                            0x000002f9   Thumb Code     0  libinit.o(.ARM.Collect$$libinit$$00000000)
    __rt_lib_init_alloca_1                   0x000002fb   Thumb Code     0  libinit2.o(.ARM.Collect$$libinit$$0000002C)
    __rt_lib_init_argv_1                     0x000002fb   Thumb Code     0  libinit2.o(.ARM.Collect$$libinit$$0000002A)
    __rt_lib_init_atexit_1                   0x000002fb   Thumb Code     0  libinit2.o(.ARM.Collect$$libinit$$00000019)
    __rt_lib_init_clock_1                    0x000002fb   Thumb Code     0  libinit2.o(.ARM.Collect$$libinit$$0000001F)
    __rt_lib_init_cpp_1                      0x000002fb   Thumb Code     0  libinit2.o(.ARM.Collect$$libinit$$00000030)
    __rt_lib_init_exceptions_1               0x000002fb   Thumb Code     0  libinit2.o(.ARM.Collect$$libinit$$0000002E)
    __rt_lib_init_fp_1                       0x000002fb   Thumb Code     0  libinit2.o(.ARM.Collect$$libinit$$00000002)
    __rt_lib_init_fp_trap_1                  0x000002fb   Thumb Code     0  libinit2.o(.ARM.Collect$$libinit$$0000001D)
    __rt_lib_init_getenv_1                   0x000002fb   Thumb Code     0  libinit2.o(.ARM.Collect$$libinit$$00000021)
    __rt_lib_init_heap_1                     0x000002fb   Thumb Code     0  libinit2.o(.ARM.Collect$$libinit$$00000008)
    __rt_lib_init_lc_collate_1               0x000002fb   Thumb Code     0  libinit2.o(.ARM.Collect$$libinit$$0000000F)
    __rt_lib_init_lc_ctype_1                 0x000002fb   Thumb Code     0  libinit2.o(.ARM.Collect$$libinit$$00000011)
    __rt_lib_init_lc_monetary_1              0x000002fb   Thumb Code     0  libinit2.o(.ARM.Collect$$libinit$$00000013)
    __rt_lib_init_lc_numeric_1               0x000002fb   Thumb Code     0  libinit2.o(.ARM.Collect$$libinit$$00000015)
    __rt_lib_init_lc_time_1                  0x000002fb   Thumb Code     0  libinit2.o(.ARM.Collect$$libinit$$00000017)
    __rt_lib_init_rand_1                     0x000002fb   Thumb Code     0  libinit2.o(.ARM.Collect$$libinit$$0000000C)
    __rt_lib_init_return                     0x000002fb   Thumb Code     0  libinit2.o(.ARM.Collect$$libinit$$00000031)
    __rt_lib_init_signal_1                   0x000002fb   Thumb Code     0  libinit2.o(.ARM.Collect$$libinit$$0000001B)
    __rt_lib_init_stdio_1                    0x000002fb   Thumb Code     0  libinit2.o(.ARM.Collect$$libinit$$00000023)
    __rt_lib_init_user_alloc_1               0x000002fb   Thumb Code     0  libinit2.o(.ARM.Collect$$libinit$$0000000A)
    __rt_lib_shutdown                        0x000002fd   Thumb Code     0  libshutdown.o(.ARM.Collect$$libshutdown$$00000000)
    __rt_lib_shutdown_fp_trap_1              0x000002ff   Thumb Code     0  libshutdown2.o(.ARM.Collect$$libshutdown$$00000006)
    __rt_lib_shutdown_heap_1                 0x000002ff   Thumb Code     0  libshutdown2.o(.ARM.Collect$$libshutdown$$0000000E)
    __rt_lib_shutdown_return                 0x000002ff   Thumb Code     0  libshutdown2.o(.ARM.Collect$$libshutdown$$0000000F)
    __rt_lib_shutdown_signal_1               0x000002ff   Thumb Code     0  libshutdown2.o(.ARM.Collect$$libshutdown$$00000009)
    __rt_lib_shutdown_stdio_1                0x000002ff   Thumb Code     0  libshutdown2.o(.ARM.Collect$$libshutdown$$00000003)
    __rt_lib_shutdown_user_alloc_1           0x000002ff   Thumb Code     0  libshutdown2.o(.ARM.Collect$$libshutdown$$0000000B)
    __rt_entry                               0x00000301   Thumb Code     0  rtentry.o(.ARM.Collect$$rtentry$$00000000)
    __rt_entry_presh_1                       0x00000301   Thumb Code     0  rtentry2.o(.ARM.Collect$$rtentry$$00000002)
    __rt_entry_sh                            0x00000301   Thumb Code     0  rtentry4.o(.ARM.Collect$$rtentry$$00000004)
    __rt_entry_li                            0x00000307   Thumb Code     0  rtentry2.o(.ARM.Collect$$rtentry$$0000000A)
    __rt_entry_postsh_1                      0x00000307   Thumb Code     0  rtentry2.o(.ARM.Collect$$rtentry$$00000009)
    __rt_entry_main                          0x0000030b   Thumb Code     0  rtentry2.o(.ARM.Collect$$rtentry$$0000000D)
    __rt_entry_postli_1                      0x0000030b   Thumb Code     0  rtentry2.o(.ARM.Collect$$rtentry$$0000000C)
    __rt_exit                                0x00000313   Thumb Code     0  rtexit.o(.ARM.Collect$$rtexit$$00000000)
    __rt_exit_ls                             0x00000315   Thumb Code     0  rtexit2.o(.ARM.Collect$$rtexit$$00000003)
    __rt_exit_prels_1                        0x00000315   Thumb Code     0  rtexit2.o(.ARM.Collect$$rtexit$$00000002)
    __rt_exit_exit                           0x00000319   Thumb Code     0  rtexit2.o(.ARM.Collect$$rtexit$$00000004)
    DisableInterrupts                        0x00000321   Thumb Code     0  startup.o(.text)
    EnableInterrupts                         0x00000325   Thumb Code     0  startup.o(.text)
    StartCritical                            0x00000329   Thumb Code     0  startup.o(.text)
    EndCritical                              0x00000331   Thumb Code     0  startup.o(.text)
    WaitForInterrupt                         0x00000337   Thumb Code     0  startup.o(.text)
    __user_initial_stackheap                 0x0000033b   Thumb Code     0  startup.o(.text)
    __use_two_region_memory                  0x00000351   Thumb Code     2  heapauxi.o(.text)
    __rt_heap_escrow$2region                 0x00000353   Thumb Code     2  heapauxi.o(.text)
    __rt_heap_expand$2region                 0x00000355   Thumb Code     2  heapauxi.o(.text)
    __user_setup_stackheap                   0x00000357   Thumb Code    74  sys_stackheap_outer.o(.text)
    exit                                     0x000003a1   Thumb Code    12  exit.o(.text)
    __user_libspace                          0x000003ad   Thumb Code     8  libspace.o(.text)
    __user_perproc_libspace                  0x000003ad   Thumb Code     0  libspace.o(.text)
    __user_perthread_libspace                0x000003ad   Thumb Code     0  libspace.o(.text)
    _sys_exit                                0x000003b5   Thumb Code     8  sys_exit.o(.text)
    __I$use$semihosting                      0x000003c1   Thumb Code     0  use_no_semi.o(.text)
    __use_no_semihosting_swi                 0x000003c1   Thumb Code     2  use_no_semi.o(.text)
    __semihosting_library_function           0x000003c3   Thumb Code     0  indicate_semi.o(.text)
    ADC0_InitSWTriggerSeq3_Ch1               0x000003c5   Thumb Code   156  adcswtrigger.o(i.ADC0_InitSWTriggerSeq3_Ch1)
    ADC_In21                                 0x00000485   Thumb Code    48  adcswtrigger.o(i.ADC_In21)
    Delay                                    0x000004bd   Thumb Code    22  adctestmain.o(i.Delay)
    Nokia5110_Clear                          0x000004d9   Thumb Code    32  nokia5110.o(i.Nokia5110_Clear)
    Nokia5110_Init                           0x000004f9   Thumb Code   314  nokia5110.o(i.Nokia5110_Init)
    Nokia5110_OutChar                        0x00000665   Thumb Code    52  nokia5110.o(i.Nokia5110_OutChar)
    Nokia5110_OutString                      0x0000069d   Thumb Code    22  nokia5110.o(i.Nokia5110_OutString)
    Nokia5110_SetCursor                      0x000006b3   Thumb Code    46  nokia5110.o(i.Nokia5110_SetCursor)
    PLL_Init                                 0x000006e1   Thumb Code   118  pll.o(i.PLL_Init)
    PortB_Init                               0x0000075d   Thumb Code    62  adctestmain.o(i.PortB_Init)
    SysTick_Handler                          0x000007b5   Thumb Code   142  adctestmain.o(i.SysTick_Handler)
    SysTick_Init                             0x00000869   Thumb Code    50  adctestmain.o(i.SysTick_Init)
    UART_ConvertUDec1                        0x000008a1   Thumb Code   178  adctestmain.o(i.UART_ConvertUDec1)
    UART_Init                                0x00000959   Thumb Code   126  uart.o(i.UART_Init)
    UART_OutChar                             0x000009f1   Thumb Code    18  uart.o(i.UART_OutChar)
    UART_OutString                           0x00000a09   Thumb Code    24  uart.o(i.UART_OutString)
    all_out                                  0x00000a21   Thumb Code    56  adctestmain.o(i.all_out)
    delay_long                               0x00000a95   Thumb Code    22  adctestmain.o(i.delay_long)
    green_out                                0x00000aad   Thumb Code    56  adctestmain.o(i.green_out)
    main                                     0x00000b6d   Thumb Code   418  adctestmain.o(i.main)
    red_out                                  0x00000dd5   Thumb Code    56  adctestmain.o(i.red_out)
    yellow_out                               0x00000e49   Thumb Code    56  adctestmain.o(i.yellow_out)
    __aeabi_d2f                              0x00000ebd   Thumb Code     0  d2f.o(x$fpl$d2f)
    _d2f                                     0x00000ebd   Thumb Code    98  d2f.o(x$fpl$d2f)
    __aeabi_dadd                             0x00000f21   Thumb Code     0  daddsub_clz.o(x$fpl$dadd)
    _dadd                                    0x00000f21   Thumb Code   332  daddsub_clz.o(x$fpl$dadd)
    __aeabi_ddiv                             0x00001071   Thumb Code     0  ddiv.o(x$fpl$ddiv)
    _ddiv                                    0x00001071   Thumb Code   552  ddiv.o(x$fpl$ddiv)
    __aeabi_ui2d                             0x00001321   Thumb Code     0  dflt_clz.o(x$fpl$dfltu)
    _dfltu                                   0x00001321   Thumb Code    38  dflt_clz.o(x$fpl$dfltu)
    __aeabi_dmul                             0x00001349   Thumb Code     0  dmul.o(x$fpl$dmul)
    _dmul                                    0x00001349   Thumb Code   332  dmul.o(x$fpl$dmul)
    __fpl_dnaninf                            0x0000149d   Thumb Code   156  dnaninf.o(x$fpl$dnaninf)
    __fpl_dretinf                            0x00001539   Thumb Code    12  dretinf.o(x$fpl$dretinf)
    __aeabi_drsub                            0x00001545   Thumb Code     0  daddsub_clz.o(x$fpl$drsb)
    _drsb                                    0x00001545   Thumb Code    22  daddsub_clz.o(x$fpl$drsb)
    __aeabi_dsub                             0x0000155d   Thumb Code     0  daddsub_clz.o(x$fpl$dsub)
    _dsub                                    0x0000155d   Thumb Code   464  daddsub_clz.o(x$fpl$dsub)
    __aeabi_fadd                             0x00001731   Thumb Code     0  faddsub_clz.o(x$fpl$fadd)
    _fadd                                    0x00001731   Thumb Code   196  faddsub_clz.o(x$fpl$fadd)
    __aeabi_fdiv                             0x000017f5   Thumb Code     0  fdiv.o(x$fpl$fdiv)
    _fdiv                                    0x000017f5   Thumb Code   384  fdiv.o(x$fpl$fdiv)
    __aeabi_f2uiz                            0x00001979   Thumb Code     0  ffixu.o(x$fpl$ffixu)
    _ffixu                                   0x00001979   Thumb Code    62  ffixu.o(x$fpl$ffixu)
    __aeabi_ui2f                             0x000019b9   Thumb Code     0  fflt_clz.o(x$fpl$ffltu)
    _ffltu                                   0x000019b9   Thumb Code    38  fflt_clz.o(x$fpl$ffltu)
    __aeabi_fmul                             0x000019e1   Thumb Code     0  fmul.o(x$fpl$fmul)
    _fmul                                    0x000019e1   Thumb Code   258  fmul.o(x$fpl$fmul)
    __fpl_fnaninf                            0x00001ae3   Thumb Code   140  fnaninf.o(x$fpl$fnaninf)
    __fpl_fretinf                            0x00001b6f   Thumb Code    10  fretinf.o(x$fpl$fretinf)
    __aeabi_fsub                             0x00001b79   Thumb Code     0  faddsub_clz.o(x$fpl$fsub)
    _fsub                                    0x00001b79   Thumb Code   234  faddsub_clz.o(x$fpl$fsub)
    __I$use$fp                               0x00001c62   Number         0  usenofp.o(x$fpl$usenofp)
    FSM                                      0x00001e44   Data         180  adctestmain.o(.constdata)
    Region$$Table$$Base                      0x000020d8   Number         0  anon$$obj.o(Region$$Table)
    Region$$Table$$Limit                     0x000020f8   Number         0  anon$$obj.o(Region$$Table)
    Counts                                   0x20000000   Data           4  adctestmain.o(.data)
    Total_time                               0x20000004   Data           4  adctestmain.o(.data)
    triggeris                                0x20000008   Data           4  adctestmain.o(.data)
    zema_itampa                              0x2000000c   Data           4  adctestmain.o(.data)
    auksta_itampa                            0x20000010   Data           4  adctestmain.o(.data)
    spalva                                   0x20000014   Data           4  adctestmain.o(.data)
    skirtumas                                0x20000018   Data           4  adctestmain.o(.data)
    greitis                                  0x2000001c   Data           4  adctestmain.o(.data)
    uart_busena                              0x20000020   Data           1  adctestmain.o(.data)
    ADCvalue                                 0x20000024   Data           4  adctestmain.o(.data)
    String1                                  0x20000028   Data          10  adctestmain.o(.bss)
    __libspace_start                         0x20000034   Data          96  libspace.o(.bss)
    __temporary_stack_top$libspace           0x20000094   Data           0  libspace.o(.bss)



==============================================================================

Memory Map of the image

  Image Entry point : 0x0000026d

  Load Region LR_1 (Base: 0x00000000, Size: 0x00002120, Max: 0xffffffff, ABSOLUTE)

    Execution Region ER_RO (Base: 0x00000000, Size: 0x000020f8, Max: 0xffffffff, ABSOLUTE)

    Base Addr    Size         Type   Attr      Idx    E Section Name        Object

    0x00000000   0x00000284   Code   RO            3  * RESET               startup.o
    0x00000284   0x00000008   Code   RO          266  * !!!main             c_w.l(__main.o)
    0x0000028c   0x00000034   Code   RO          471    !!!scatter          c_w.l(__scatter.o)
    0x000002c0   0x0000001a   Code   RO          473    !!handler_copy      c_w.l(__scatter_copy.o)
    0x000002da   0x00000002   PAD
    0x000002dc   0x0000001c   Code   RO          475    !!handler_zi        c_w.l(__scatter_zi.o)
    0x000002f8   0x00000002   Code   RO          344    .ARM.Collect$$libinit$$00000000  c_w.l(libinit.o)
    0x000002fa   0x00000000   Code   RO          351    .ARM.Collect$$libinit$$00000002  c_w.l(libinit2.o)
    0x000002fa   0x00000000   Code   RO          354    .ARM.Collect$$libinit$$00000008  c_w.l(libinit2.o)
    0x000002fa   0x00000000   Code   RO          356    .ARM.Collect$$libinit$$0000000A  c_w.l(libinit2.o)
    0x000002fa   0x00000000   Code   RO          358    .ARM.Collect$$libinit$$0000000C  c_w.l(libinit2.o)
    0x000002fa   0x00000000   Code   RO          361    .ARM.Collect$$libinit$$0000000F  c_w.l(libinit2.o)
    0x000002fa   0x00000000   Code   RO          363    .ARM.Collect$$libinit$$00000011  c_w.l(libinit2.o)
    0x000002fa   0x00000000   Code   RO          365    .ARM.Collect$$libinit$$00000013  c_w.l(libinit2.o)
    0x000002fa   0x00000000   Code   RO          367    .ARM.Collect$$libinit$$00000015  c_w.l(libinit2.o)
    0x000002fa   0x00000000   Code   RO          369    .ARM.Collect$$libinit$$00000017  c_w.l(libinit2.o)
    0x000002fa   0x00000000   Code   RO          371    .ARM.Collect$$libinit$$00000019  c_w.l(libinit2.o)
    0x000002fa   0x00000000   Code   RO          373    .ARM.Collect$$libinit$$0000001B  c_w.l(libinit2.o)
    0x000002fa   0x00000000   Code   RO          375    .ARM.Collect$$libinit$$0000001D  c_w.l(libinit2.o)
    0x000002fa   0x00000000   Code   RO          377    .ARM.Collect$$libinit$$0000001F  c_w.l(libinit2.o)
    0x000002fa   0x00000000   Code   RO          379    .ARM.Collect$$libinit$$00000021  c_w.l(libinit2.o)
    0x000002fa   0x00000000   Code   RO          381    .ARM.Collect$$libinit$$00000023  c_w.l(libinit2.o)
    0x000002fa   0x00000000   Code   RO          385    .ARM.Collect$$libinit$$0000002A  c_w.l(libinit2.o)
    0x000002fa   0x00000000   Code   RO          387    .ARM.Collect$$libinit$$0000002C  c_w.l(libinit2.o)
    0x000002fa   0x00000000   Code   RO          389    .ARM.Collect$$libinit$$0000002E  c_w.l(libinit2.o)
    0x000002fa   0x00000000   Code   RO          391    .ARM.Collect$$libinit$$00000030  c_w.l(libinit2.o)
    0x000002fa   0x00000002   Code   RO          392    .ARM.Collect$$libinit$$00000031  c_w.l(libinit2.o)
    0x000002fc   0x00000002   Code   RO          412    .ARM.Collect$$libshutdown$$00000000  c_w.l(libshutdown.o)
    0x000002fe   0x00000000   Code   RO          426    .ARM.Collect$$libshutdown$$00000003  c_w.l(libshutdown2.o)
    0x000002fe   0x00000000   Code   RO          429    .ARM.Collect$$libshutdown$$00000006  c_w.l(libshutdown2.o)
    0x000002fe   0x00000000   Code   RO          432    .ARM.Collect$$libshutdown$$00000009  c_w.l(libshutdown2.o)
    0x000002fe   0x00000000   Code   RO          434    .ARM.Collect$$libshutdown$$0000000B  c_w.l(libshutdown2.o)
    0x000002fe   0x00000000   Code   RO          437    .ARM.Collect$$libshutdown$$0000000E  c_w.l(libshutdown2.o)
    0x000002fe   0x00000002   Code   RO          438    .ARM.Collect$$libshutdown$$0000000F  c_w.l(libshutdown2.o)
    0x00000300   0x00000000   Code   RO          310    .ARM.Collect$$rtentry$$00000000  c_w.l(rtentry.o)
    0x00000300   0x00000000   Code   RO          321    .ARM.Collect$$rtentry$$00000002  c_w.l(rtentry2.o)
    0x00000300   0x00000006   Code   RO          333    .ARM.Collect$$rtentry$$00000004  c_w.l(rtentry4.o)
    0x00000306   0x00000000   Code   RO          323    .ARM.Collect$$rtentry$$00000009  c_w.l(rtentry2.o)
    0x00000306   0x00000004   Code   RO          324    .ARM.Collect$$rtentry$$0000000A  c_w.l(rtentry2.o)
    0x0000030a   0x00000000   Code   RO          326    .ARM.Collect$$rtentry$$0000000C  c_w.l(rtentry2.o)
    0x0000030a   0x00000008   Code   RO          327    .ARM.Collect$$rtentry$$0000000D  c_w.l(rtentry2.o)
    0x00000312   0x00000002   Code   RO          348    .ARM.Collect$$rtexit$$00000000  c_w.l(rtexit.o)
    0x00000314   0x00000000   Code   RO          394    .ARM.Collect$$rtexit$$00000002  c_w.l(rtexit2.o)
    0x00000314   0x00000004   Code   RO          395    .ARM.Collect$$rtexit$$00000003  c_w.l(rtexit2.o)
    0x00000318   0x00000006   Code   RO          396    .ARM.Collect$$rtexit$$00000004  c_w.l(rtexit2.o)
    0x0000031e   0x00000002   PAD
    0x00000320   0x00000030   Code   RO            4    .text               startup.o
    0x00000350   0x00000006   Code   RO          264    .text               c_w.l(heapauxi.o)
    0x00000356   0x0000004a   Code   RO          335    .text               c_w.l(sys_stackheap_outer.o)
    0x000003a0   0x0000000c   Code   RO          337    .text               c_w.l(exit.o)
    0x000003ac   0x00000008   Code   RO          345    .text               c_w.l(libspace.o)
    0x000003b4   0x0000000c   Code   RO          404    .text               c_w.l(sys_exit.o)
    0x000003c0   0x00000002   Code   RO          415    .text               c_w.l(use_no_semi.o)
    0x000003c2   0x00000000   Code   RO          417    .text               c_w.l(indicate_semi.o)
    0x000003c2   0x00000002   PAD
    0x000003c4   0x000000c0   Code   RO           13    i.ADC0_InitSWTriggerSeq3_Ch1  adcswtrigger.o
    0x00000484   0x00000038   Code   RO           14    i.ADC_In21          adcswtrigger.o
    0x000004bc   0x0000001c   Code   RO           40    i.Delay             adctestmain.o
    0x000004d8   0x00000020   Code   RO          138    i.Nokia5110_Clear   nokia5110.o
    0x000004f8   0x0000016c   Code   RO          140    i.Nokia5110_Init    nokia5110.o
    0x00000664   0x00000038   Code   RO          141    i.Nokia5110_OutChar  nokia5110.o
    0x0000069c   0x00000016   Code   RO          142    i.Nokia5110_OutString  nokia5110.o
    0x000006b2   0x0000002e   Code   RO          144    i.Nokia5110_SetCursor  nokia5110.o
    0x000006e0   0x0000007c   Code   RO          126    i.PLL_Init          pll.o
    0x0000075c   0x00000058   Code   RO           41    i.PortB_Init        adctestmain.o
    0x000007b4   0x000000b4   Code   RO           42    i.SysTick_Handler   adctestmain.o
    0x00000868   0x00000038   Code   RO           43    i.SysTick_Init      adctestmain.o
    0x000008a0   0x000000b8   Code   RO           44    i.UART_ConvertUDec1  adctestmain.o
    0x00000958   0x00000098   Code   RO          198    i.UART_Init         uart.o
    0x000009f0   0x00000018   Code   RO          199    i.UART_OutChar      uart.o
    0x00000a08   0x00000018   Code   RO          201    i.UART_OutString    uart.o
    0x00000a20   0x00000074   Code   RO           45    i.all_out           adctestmain.o
    0x00000a94   0x00000016   Code   RO           46    i.delay_long        adctestmain.o
    0x00000aaa   0x00000002   PAD
    0x00000aac   0x00000074   Code   RO           47    i.green_out         adctestmain.o
    0x00000b20   0x0000004c   Code   RO          145    i.lcdwrite          nokia5110.o
    0x00000b6c   0x00000268   Code   RO           48    i.main              adctestmain.o
    0x00000dd4   0x00000074   Code   RO           49    i.red_out           adctestmain.o
    0x00000e48   0x00000074   Code   RO           50    i.yellow_out        adctestmain.o
    0x00000ebc   0x00000062   Code   RO          268    x$fpl$d2f           fz_ws.l(d2f.o)
    0x00000f1e   0x00000002   PAD
    0x00000f20   0x00000150   Code   RO          270    x$fpl$dadd          fz_ws.l(daddsub_clz.o)
    0x00001070   0x000002b0   Code   RO          277    x$fpl$ddiv          fz_ws.l(ddiv.o)
    0x00001320   0x00000026   Code   RO          280    x$fpl$dfltu         fz_ws.l(dflt_clz.o)
    0x00001346   0x00000002   PAD
    0x00001348   0x00000154   Code   RO          286    x$fpl$dmul          fz_ws.l(dmul.o)
    0x0000149c   0x0000009c   Code   RO          311    x$fpl$dnaninf       fz_ws.l(dnaninf.o)
    0x00001538   0x0000000c   Code   RO          313    x$fpl$dretinf       fz_ws.l(dretinf.o)
    0x00001544   0x00000016   Code   RO          271    x$fpl$drsb          fz_ws.l(daddsub_clz.o)
    0x0000155a   0x00000002   PAD
    0x0000155c   0x000001d4   Code   RO          272    x$fpl$dsub          fz_ws.l(daddsub_clz.o)
    0x00001730   0x000000c4   Code   RO          288    x$fpl$fadd          fz_ws.l(faddsub_clz.o)
    0x000017f4   0x00000184   Code   RO          295    x$fpl$fdiv          fz_ws.l(fdiv.o)
    0x00001978   0x0000003e   Code   RO          298    x$fpl$ffixu         fz_ws.l(ffixu.o)
    0x000019b6   0x00000002   PAD
    0x000019b8   0x00000026   Code   RO          302    x$fpl$ffltu         fz_ws.l(fflt_clz.o)
    0x000019de   0x00000002   PAD
    0x000019e0   0x00000102   Code   RO          308    x$fpl$fmul          fz_ws.l(fmul.o)
    0x00001ae2   0x0000008c   Code   RO          315    x$fpl$fnaninf       fz_ws.l(fnaninf.o)
    0x00001b6e   0x0000000a   Code   RO          317    x$fpl$fretinf       fz_ws.l(fretinf.o)
    0x00001b78   0x000000ea   Code   RO          290    x$fpl$fsub          fz_ws.l(faddsub_clz.o)
    0x00001c62   0x00000000   Code   RO          319    x$fpl$usenofp       fz_ws.l(usenofp.o)
    0x00001c62   0x00000002   PAD
    0x00001c64   0x00000294   Data   RO           52    .constdata          adctestmain.o
    0x00001ef8   0x000001e0   Data   RO          146    .constdata          nokia5110.o
    0x000020d8   0x00000020   Data   RO          469    Region$$Table       anon$$obj.o


    Execution Region ER_RW (Base: 0x20000000, Size: 0x00000028, Max: 0xffffffff, ABSOLUTE)

    Base Addr    Size         Type   Attr      Idx    E Section Name        Object

    0x20000000   0x00000028   Data   RW           53    .data               adctestmain.o


    Execution Region ER_ZI (Base: 0x20000028, Size: 0x00000470, Max: 0xffffffff, ABSOLUTE)

    Base Addr    Size         Type   Attr      Idx    E Section Name        Object

    0x20000028   0x0000000a   Zero   RW           51    .bss                adctestmain.o
    0x20000032   0x00000002   PAD
    0x20000034   0x00000060   Zero   RW          346    .bss                c_w.l(libspace.o)
    0x20000094   0x00000004   PAD
    0x20000098   0x00000000   Zero   RW            2    HEAP                startup.o
    0x20000098   0x00000400   Zero   RW            1    STACK               startup.o


==============================================================================

Image component sizes


      Code (inc. data)   RO Data    RW Data    ZI Data      Debug   Object Name

       248         44          0          0          0       2396   adcswtrigger.o
      1638        520        660         40         10       6501   adctestmain.o
       596         64        480          0          0       4595   nokia5110.o
       124          6          0          0          0        375   pll.o
       692        632          0          0       1024        892   startup.o
       200         32          0          0          0       1244   uart.o

    ----------------------------------------------------------------------
      3500       1298       1172         40       1036      16003   Object Totals
         0          0         32          0          0          0   (incl. Generated)
         2          0          0          0          2          0   (incl. Padding)

    ----------------------------------------------------------------------

      Code (inc. data)   RO Data    RW Data    ZI Data      Debug   Library Member Name

         8          0          0          0          0         68   __main.o
        52          8          0          0          0          0   __scatter.o
        26          0          0          0          0          0   __scatter_copy.o
        28          0          0          0          0          0   __scatter_zi.o
        12          0          0          0          0         72   exit.o
         6          0          0          0          0        152   heapauxi.o
         0          0          0          0          0          0   indicate_semi.o
         2          0          0          0          0          0   libinit.o
         2          0          0          0          0          0   libinit2.o
         2          0          0          0          0          0   libshutdown.o
         2          0          0          0          0          0   libshutdown2.o
         8          4          0          0         96         68   libspace.o
         0          0          0          0          0          0   rtentry.o
        12          0          0          0          0          0   rtentry2.o
         6          0          0          0          0          0   rtentry4.o
         2          0          0          0          0          0   rtexit.o
        10          0          0          0          0          0   rtexit2.o
        12          4          0          0          0         68   sys_exit.o
        74          0          0          0          0         80   sys_stackheap_outer.o
         2          0          0          0          0         68   use_no_semi.o
        98          4          0          0          0         92   d2f.o
       826         16          0          0          0        348   daddsub_clz.o
       688        140          0          0          0        208   ddiv.o
        38          0          0          0          0         68   dflt_clz.o
       340         12          0          0          0        104   dmul.o
       156          4          0          0          0         92   dnaninf.o
        12          0          0          0          0         68   dretinf.o
       430          8          0          0          0        168   faddsub_clz.o
       388         76          0          0          0         96   fdiv.o
        62          4          0          0          0         84   ffixu.o
        38          0          0          0          0         68   fflt_clz.o
       258          4          0          0          0         84   fmul.o
       140          4          0          0          0         84   fnaninf.o
        10          0          0          0          0         68   fretinf.o
         0          0          0          0          0          0   usenofp.o

    ----------------------------------------------------------------------
      3768        288          0          0        100       2208   Library Totals
        18          0          0          0          4          0   (incl. Padding)

    ----------------------------------------------------------------------

      Code (inc. data)   RO Data    RW Data    ZI Data      Debug   Library Name

       266         16          0          0         96        576   c_w.l
      3484        272          0          0          0       1632   fz_ws.l

    ----------------------------------------------------------------------
      3768        288          0          0        100       2208   Library Totals

    ----------------------------------------------------------------------

==============================================================================


      Code (inc. data)   RO Data    RW Data    ZI Data      Debug   

      7268       1586       1172         40       1136      16027   Grand Totals
      7268       1586       1172         40       1136      16027   ELF Image Totals
      7268       1586       1172         40          0          0   ROM Totals

==============================================================================

    Total RO  Size (Code + RO Data)                 8440 (   8.24kB)
    Total RW  Size (RW Data + ZI Data)              1176 (   1.15kB)
    Total ROM Size (Code + RO Data + RW Data)       8480 (   8.28kB)

==============================================================================

